{"type":"server-started","port":57301,"host":"127.0.0.1","url_host":"localhost","url":"http://localhost:57301","screen_dir":"/home/ahmad/Dokumen/PROJEK/si-manggis/.superpowers/brainstorm/15428-1776012678/content","state_dir":"/home/ahmad/Dokumen/PROJEK/si-manggis/.superpowers/brainstorm/15428-1776012678/state"}
{"type":"screen-added","file":"/home/ahmad/Dokumen/PROJEK/si-manggis/.superpowers/brainstorm/15428-1776012678/content/comparison.html"}
{"type":"screen-added","file":"/home/ahmad/Dokumen/PROJEK/si-manggis/.superpowers/brainstorm/15428-1776012678/content/fokus.html"}
{"source":"user-event","type":"click","text":"B\n    \n      Layanan Online\n      Pengajuan surat, data penduduk, izin tempat. Hero menampilkan search layanan + kartu layanan utama. Cocok untuk warga yang langsung butuh layanan.","choice":"layanan","id":null,"timestamp":1776013758242}
{"source":"user-event","type":"click","text":"B\n    \n      Layanan Online\n      Pengajuan surat, data penduduk, izin tempat. Hero menampilkan search layanan + kartu layanan utama. Cocok untuk warga yang langsung butuh layanan.","choice":"layanan","id":null,"timestamp":1776013760728}
{"source":"user-event","type":"click","text":"B\n    \n      Layanan Online\n      Pengajuan surat, data penduduk, izin tempat. Hero menampilkan search layanan + kartu layanan utama. Cocok untuk warga yang langsung butuh layanan.","choice":"layanan","id":null,"timestamp":1776013761469}
{"source":"user-event","type":"click","text":"B\n    \n      Layanan Online\n      Pengajuan surat, data penduduk, izin tempat. Hero menampilkan search layanan + kartu layanan utama. Cocok untuk warga yang langsung butuh layanan.","choice":"layanan","id":null,"timestamp":1776013764233}
{"source":"user-event","type":"click","text":"A\n    \n      Portal Informasi\n      Berita, kabar kelurahan, transparansi program pemerintah. Hero menampilkan berita terbaru. Cocok untuk warga yang butuh info terkini.","choice":"informasi","id":null,"timestamp":1776013768778}
{"source":"user-event","type":"click","text":"B\n    \n      Layanan Online\n      Pengajuan surat, data penduduk, izin tempat. Hero menampilkan search layanan + kartu layanan utama. Cocok untuk warga yang langsung butuh layanan.","choice":"layanan","id":null,"timestamp":1776013769720}
{"source":"user-event","type":"click","text":"B\n    \n      Layanan Online\n      Pengajuan surat, data penduduk, izin tempat. Hero menampilkan search layanan + kartu layanan utama. Cocok untuk warga yang langsung butuh layanan.","choice":"layanan","id":null,"timestamp":1776013769935}
{"source":"user-event","type":"click","text":"B\n    \n      Layanan Online\n      Pengajuan surat, data penduduk, izin tempat. Hero menampilkan search layanan + kartu layanan utama. Cocok untuk warga yang langsung butuh layanan.","choice":"layanan","id":null,"timestamp":1776013770115}
{"source":"user-event","type":"click","text":"B\n    \n      Layanan Online\n      Pengajuan surat, data penduduk, izin tempat. Hero menampilkan search layanan + kartu layanan utama. Cocok untuk warga yang langsung butuh layanan.","choice":"layanan","id":null,"timestamp":1776013770988}
{"source":"user-event","type":"click","text":"C\n    \n      Galeri & Identitas\n      Profil lurah, potensi desa, program inovasi (Kampung KB, Koprasi Merah Putih, Bank Sampah). Hero menampilkan profil + statistics. Cocok untuk membangun citra kelurahan.","choice":"identitas","id":null,"timestamp":1776013796091}
{"source":"user-event","type":"click","text":"B\n    \n      Layanan Online\n      Pengajuan surat, data penduduk, izin tempat. Hero menampilkan search layanan + kartu layanan utama. Cocok untuk warga yang langsung butuh layanan.","choice":"layanan","id":null,"timestamp":1776013797046}
{"source":"user-event","type":"click","text":"C\n    \n      Galeri & Identitas\n      Profil lurah, potensi desa, program inovasi (Kampung KB, Koprasi Merah Putih, Bank Sampah). Hero menampilkan profil + statistics. Cocok untuk membangun citra kelurahan.","choice":"identitas","id":null,"timestamp":1776013803501}
{"source":"user-event","type":"click","text":"B\n    \n      Layanan Online\n      Pengajuan surat, data penduduk, izin tempat. Hero menampilkan search layanan + kartu layanan utama. Cocok untuk warga yang langsung butuh layanan.","choice":"layanan","id":null,"timestamp":1776013805267}
{"source":"user-event","type":"click","text":"C\n    \n      Galeri & Identitas\n      Profil lurah, potensi desa, program inovasi (Kampung KB, Koprasi Merah Putih, Bank Sampah). Hero menampilkan profil + statistics. Cocok untuk membangun citra kelurahan.","choice":"identitas","id":null,"timestamp":1776013806466}
{"source":"user-event","type":"click","text":"B\n    \n      Layanan Online\n      Pengajuan surat, data penduduk, izin tempat. Hero menampilkan search layanan + kartu layanan utama. Cocok untuk warga yang langsung butuh layanan.","choice":"layanan","id":null,"timestamp":1776013810481}
{"source":"user-event","type":"click","text":"A\n    \n      Portal Informasi\n      Berita, kabar kelurahan, transparansi program pemerintah. Hero menampilkan berita terbaru. Cocok untuk warga yang butuh info terkini.","choice":"informasi","id":null,"timestamp":1776013811499}
{"source":"user-event","type":"click","text":"B\n    \n      Layanan Online\n      Pengajuan surat, data penduduk, izin tempat. Hero menampilkan search layanan + kartu layanan utama. Cocok untuk warga yang langsung butuh layanan.","choice":"layanan","id":null,"timestamp":1776013812324}
{"source":"user-event","type":"click","text":"C\n    \n      Galeri & Identitas\n      Profil lurah, potensi desa, program inovasi (Kampung KB, Koprasi Merah Putih, Bank Sampah). Hero menampilkan profil + statistics. Cocok untuk membangun citra kelurahan.","choice":"identitas","id":null,"timestamp":1776013813169}
{"type":"screen-added","file":"/home/ahmad/Dokumen/PROJEK/si-manggis/.superpowers/brainstorm/15428-1776012678/content/layout.html"}
{"source":"user-event","type":"click","text":"B\n    \n      Duo Blue–White (Kiri Biru, Kanan Putih)\n      Kolom kiri warna biru: transparansi + program inovasi. Kolom kanan putih: berita + layanan. Mirip portal Jawa Timur — terstruktur dan resmi.","choice":"duo-blue","id":null,"timestamp":1776013842586}
{"source":"user-event","type":"click","text":"B\n    \n      Duo Blue–White (Kiri Biru, Kanan Putih)\n      Kolom kiri warna biru: transparansi + program inovasi. Kolom kanan putih: berita + layanan. Mirip portal Jawa Timur — terstruktur dan resmi.","choice":"duo-blue","id":null,"timestamp":1776013844608}
{"source":"user-event","type":"click","text":"B\n    \n      Duo Blue–White (Kiri Biru, Kanan Putih)\n      Kolom kiri warna biru: transparansi + program inovasi. Kolom kanan putih: berita + layanan. Mirip portal Jawa Timur — terstruktur dan resmi.","choice":"duo-blue","id":null,"timestamp":1776013844788}
{"type":"screen-added","file":"/home/ahmad/Dokumen/PROJEK/si-manggis/.superpowers/brainstorm/15428-1776012678/content/desain.html"}
{"type":"screen-added","file":"/home/ahmad/Dokumen/PROJEK/si-manggis/.superpowers/brainstorm/15428-1776012678/content/v1v2.html"}
{"type":"screen-added","file":"/home/ahmad/Dokumen/PROJEK/si-manggis/.superpowers/brainstorm/15428-1776012678/content/spec.html"}
{"type":"server-stopped","reason":"idle timeout"}
